exports[`totalScoreCount() computed returns sum of players' scores 1`] = `25`;
